===================================================
ERROR REPORT - 1 ERRORS ACROSS 1/320 SRD SPELLS
===================================================
===================================================
- Web: 1/11
===================================================
L - [1/1] - damage
  L - SRD: {"parts":[["2d4","fire"]],"versatile":"","value":""}
  L - OMM: {"parts":[["1","fire"]],"versatile":"","value":""}
